Compiled from "AnnotatedTest.java"
public class AnnotatedTest {
  public java.lang.String ｶﾅ表示テスト外字ⅠⅡ_1;
  public int ｶﾅ表示テスト外字ⅠⅡ_2;
  public AnnotatedTest();
  public void ｶﾅ表示テスト外字ⅠⅡ_1();
  public void ｶﾅ表示テスト外字ⅠⅡ_2();
}
