annotation : @ｶﾅ表示テスト外字ⅠⅡ(ｶﾅ表示テスト外字ⅠⅡ_1=1234567890, ｶﾅ表示テスト外字ⅠⅡ_2="\uff76\uff85\u8868\u793a\u30c6\u30b9\u30c8\u5916\u5b57\u2160\u2161")
kind: CLASS
modifier: [public]
type: AnnotatedTest
element: AnnotatedTest

annotation : @ｶﾅ表示テスト外字ⅠⅡ_constructor("\uff76\uff85\u8868\u793a\u30c6\u30b9\u30c8\u5916\u5b57\u2160\u2161")
kind: CONSTRUCTOR
modifier: [public]
type: ()void
element: AnnotatedTest()

annotation : @ｶﾅ表示テスト外字ⅠⅡ_field("\uff76\uff85\u8868\u793a\u30c6\u30b9\u30c8\u5916\u5b57\u2160\u2161_1")
kind: FIELD
modifier: [public]
type: java.lang.String
element: ｶﾅ表示テスト外字ⅠⅡ_1

annotation : @ｶﾅ表示テスト外字ⅠⅡ_field("\uff76\uff85\u8868\u793a\u30c6\u30b9\u30c8\u5916\u5b57\u2160\u2161_2")
kind: FIELD
modifier: [public]
type: int
element: ｶﾅ表示テスト外字ⅠⅡ_2

annotation : @ｶﾅ表示テスト外字ⅠⅡ_method("\uff76\uff85\u8868\u793a\u30c6\u30b9\u30c8\u5916\u5b57\u2160\u2161_1")
kind: METHOD
modifier: [public]
type: ()void
element: ｶﾅ表示テスト外字ⅠⅡ_1()

annotation : @ｶﾅ表示テスト外字ⅠⅡ_method("\uff76\uff85\u8868\u793a\u30c6\u30b9\u30c8\u5916\u5b57\u2160\u2161_2")
kind: METHOD
modifier: [public]
type: ()void
element: ｶﾅ表示テスト外字ⅠⅡ_2()

