Compiled from "AnnotatedTest.java"
public class AnnotatedTest {
  public java.lang.String ㄱㄴㄷㅏㅑㅓ한국일본韓國日本_1;
  public int ㄱㄴㄷㅏㅑㅓ한국일본韓國日本_2;
  public AnnotatedTest();
  public void ㄱㄴㄷㅏㅑㅓ한국일본韓國日本_1();
  public void ㄱㄴㄷㅏㅑㅓ한국일본韓國日本_2();
}
