annotation : @漢字表示能力カナｶﾅＫａｎａKana記号￥￠￡外字丨昂外字ⅠⅡ(漢字表示能力カナｶﾅＫａｎａKana記号￥￠￡外字丨昂外字ⅠⅡ_1=1234567890, 漢字表示能力カナｶﾅＫａｎａKana記号￥￠￡外字丨昂外字ⅠⅡ_2="\u6f22\u5b57\u8868\u793a\u80fd\u529b\u30ab\u30ca\uff76\uff85\uff2b\uff41\uff4e\uff41Kana\u8a18\u53f7\uffe5\uffe0\uffe1\u5916\u5b57\u4e28\u6602\u5916\u5b57\u2160\u2161")
kind: CLASS
modifier: [public]
type: AnnotatedTest
element: AnnotatedTest

annotation : @漢字表示能力カナｶﾅＫａｎａKana記号￥￠￡外字丨昂外字ⅠⅡ_constructor("\u6f22\u5b57\u8868\u793a\u80fd\u529b\u30ab\u30ca\uff76\uff85\uff2b\uff41\uff4e\uff41Kana\u8a18\u53f7\uffe5\uffe0\uffe1\u5916\u5b57\u4e28\u6602\u5916\u5b57\u2160\u2161")
kind: CONSTRUCTOR
modifier: [public]
type: ()void
element: AnnotatedTest()

annotation : @漢字表示能力カナｶﾅＫａｎａKana記号￥￠￡外字丨昂外字ⅠⅡ_field("\u6f22\u5b57\u8868\u793a\u80fd\u529b\u30ab\u30ca\uff76\uff85\uff2b\uff41\uff4e\uff41Kana\u8a18\u53f7\uffe5\uffe0\uffe1\u5916\u5b57\u4e28\u6602\u5916\u5b57\u2160\u2161_1")
kind: FIELD
modifier: [public]
type: java.lang.String
element: 漢字表示能力カナｶﾅＫａｎａKana記号￥￠￡外字丨昂外字ⅠⅡ_1

annotation : @漢字表示能力カナｶﾅＫａｎａKana記号￥￠￡外字丨昂外字ⅠⅡ_field("\u6f22\u5b57\u8868\u793a\u80fd\u529b\u30ab\u30ca\uff76\uff85\uff2b\uff41\uff4e\uff41Kana\u8a18\u53f7\uffe5\uffe0\uffe1\u5916\u5b57\u4e28\u6602\u5916\u5b57\u2160\u2161_2")
kind: FIELD
modifier: [public]
type: int
element: 漢字表示能力カナｶﾅＫａｎａKana記号￥￠￡外字丨昂外字ⅠⅡ_2

annotation : @漢字表示能力カナｶﾅＫａｎａKana記号￥￠￡外字丨昂外字ⅠⅡ_method("\u6f22\u5b57\u8868\u793a\u80fd\u529b\u30ab\u30ca\uff76\uff85\uff2b\uff41\uff4e\uff41Kana\u8a18\u53f7\uffe5\uffe0\uffe1\u5916\u5b57\u4e28\u6602\u5916\u5b57\u2160\u2161_1")
kind: METHOD
modifier: [public]
type: ()void
element: 漢字表示能力カナｶﾅＫａｎａKana記号￥￠￡外字丨昂外字ⅠⅡ_1()

annotation : @漢字表示能力カナｶﾅＫａｎａKana記号￥￠￡外字丨昂外字ⅠⅡ_method("\u6f22\u5b57\u8868\u793a\u80fd\u529b\u30ab\u30ca\uff76\uff85\uff2b\uff41\uff4e\uff41Kana\u8a18\u53f7\uffe5\uffe0\uffe1\u5916\u5b57\u4e28\u6602\u5916\u5b57\u2160\u2161_2")
kind: METHOD
modifier: [public]
type: ()void
element: 漢字表示能力カナｶﾅＫａｎａKana記号￥￠￡外字丨昂外字ⅠⅡ_2()

